21:57:32 **** Incremental Build of configuration Debug for project chapter1 ****
make -j16 all 
arm-none-eabi-size  chapter1.elf 
   text	   data	    bss	    dec	    hex	filename
    624	      0	   1568	   2192	    890	chapter1.elf
Finished building: default.size.stdout
 
21:57:36 **** Incremental Build of configuration Debug for project chapter1 ****
make -j16 all 
arm-none-eabi-size  chapter1.elf 
   text	   data	    bss	    dec	    hex	filename
    624	      0	   1568	   2192	    890	chapter1.elf
Finished building: default.size.stdout
 
21:57:55 **** Incremental Build of configuration Debug for project chapter1 ****
make -j16 all 
arm-none-eabi-size  chapter1.elf 
   text	   data	    bss	    dec	    hex	filename
    624	      0	   1568	   2192	    890	chapter1.elf
Finished building: default.size.stdout
 
